// Jest Snapshot v1, https://goo.gl/fbAQLP

exports[`<GoogleFonts /> snapshot 1`] = `
<form
  onSubmit={[Function]}
>
  <div
    className="MuiFormControl-root MuiTextField-root MuiFormControl-marginNormal MuiFormControl-fullWidth"
    data-testid="muiinput"
    field={
      Object {
        "input": Object {
          "checked": undefined,
          "name": "fontHref",
          "onBlur": [Function],
          "onChange": [Function],
          "onFocus": [Function],
          "type": "text",
          "value": "",
        },
        "meta": Object {
          "active": false,
          "data": Object {},
          "dirty": false,
          "dirtySinceLastSubmit": false,
          "error": undefined,
          "initial": undefined,
          "invalid": false,
          "length": undefined,
          "modified": false,
          "modifiedSinceLastSubmit": false,
          "pristine": true,
          "submitError": undefined,
          "submitFailed": false,
          "submitSucceeded": false,
          "submitting": false,
          "touched": false,
          "valid": true,
          "validating": false,
          "visited": false,
        },
      }
    }
  >
    <label
      className="MuiFormLabel-root MuiInputLabel-root MuiInputLabel-formControl MuiInputLabel-animated"
      data-shrink={false}
    >
      fontHref
    </label>
    <div
      className="MuiInputBase-root MuiInput-root MuiInput-underline MuiInputBase-fullWidth MuiInput-fullWidth MuiInputBase-formControl MuiInput-formControl"
      onClick={[Function]}
    >
      <input
        aria-invalid={false}
        autoComplete=""
        autoFocus={false}
        className="MuiInputBase-input MuiInput-input"
        disabled={false}
        name="fontHref"
        onAnimationStart={[Function]}
        onBlur={[Function]}
        onChange={[Function]}
        onFocus={[Function]}
        placeholder="Google Font Link"
        required={false}
        rows=""
        type="text"
        value=""
      />
    </div>
  </div>
  <button
    className="MuiButtonBase-root MuiButton-root MuiButton-text MuiButton-textSecondary MuiButton-fullWidth"
    data-testid="Button"
    disabled={false}
    onBlur={[Function]}
    onDragLeave={[Function]}
    onFocus={[Function]}
    onKeyDown={[Function]}
    onKeyUp={[Function]}
    onMouseDown={[Function]}
    onMouseLeave={[Function]}
    onMouseUp={[Function]}
    onTouchEnd={[Function]}
    onTouchMove={[Function]}
    onTouchStart={[Function]}
    tabIndex={0}
    type="submit"
  >
    <span
      className="MuiButton-label"
    >
      Add Font
    </span>
  </button>
</form>
`;
