// Jest Snapshot v1, https://goo.gl/fbAQLP

exports[`<FormBody /> snapshot 1`] = `
<div
  className="MuiGrid-root MuiGrid-container MuiGrid-align-items-xs-flex-start"
  style={
    Object {
      "marginTop": "100px",
    }
  }
>
  <div
    className="MuiGrid-root container MuiGrid-item MuiGrid-grid-xs-4"
  >
    <button
      className="MuiButtonBase-root MuiButton-root MuiButton-text MuiButton-textSecondary MuiButton-fullWidth"
      data-testid="Button"
      disabled={false}
      onBlur={[Function]}
      onDragLeave={[Function]}
      onFocus={[Function]}
      onKeyDown={[Function]}
      onKeyUp={[Function]}
      onMouseDown={[Function]}
      onMouseLeave={[Function]}
      onMouseUp={[Function]}
      onTouchEnd={[Function]}
      onTouchMove={[Function]}
      onTouchStart={[Function]}
      tabIndex={0}
      type="submit"
    >
      <span
        className="MuiButton-label"
      >
        submit
      </span>
    </button>
  </div>
  <div
    className="MuiGrid-root container MuiGrid-item MuiGrid-grid-xs-8"
  >
    <div
      className="MuiGrid-root MuiGrid-container MuiGrid-align-items-xs-center MuiGrid-justify-xs-center"
    >
      <div
        className="MuiCircularProgress-root MuiCircularProgress-colorPrimary MuiCircularProgress-indeterminate"
        role="progressbar"
        style={
          Object {
            "height": 40,
            "width": 40,
          }
        }
      >
        <svg
          className="MuiCircularProgress-svg"
          viewBox="22 22 44 44"
        >
          <circle
            className="MuiCircularProgress-circle MuiCircularProgress-circleIndeterminate"
            cx={44}
            cy={44}
            fill="none"
            r={20.2}
            strokeWidth={3.6}
            style={Object {}}
          />
        </svg>
      </div>
      
    </div>
  </div>
</div>
`;
